[0.000000] (-) TimerEvent: {}
[0.000231] (-) JobUnselected: {'identifier': 'cift_sayi'}
[0.000320] (-) JobUnselected: {'identifier': 'examples_rclcpp_minimal_action_client'}
[0.000374] (-) JobUnselected: {'identifier': 'examples_rclcpp_minimal_action_server'}
[0.000423] (-) JobUnselected: {'identifier': 'examples_rclcpp_minimal_client'}
[0.000484] (-) JobUnselected: {'identifier': 'examples_rclcpp_minimal_composition'}
[0.000536] (-) JobUnselected: {'identifier': 'examples_rclcpp_minimal_publisher'}
[0.000588] (-) JobUnselected: {'identifier': 'examples_rclcpp_minimal_service'}
[0.000639] (-) JobUnselected: {'identifier': 'examples_rclcpp_minimal_subscriber'}
[0.000691] (-) JobUnselected: {'identifier': 'examples_rclcpp_minimal_timer'}
[0.000743] (-) JobUnselected: {'identifier': 'examples_rclcpp_multithreaded_executor'}
[0.000810] (-) JobUnselected: {'identifier': 'examples_rclpy_executors'}
[0.000902] (-) JobUnselected: {'identifier': 'examples_rclpy_minimal_action_client'}
[0.001029] (-) JobUnselected: {'identifier': 'examples_rclpy_minimal_action_server'}
[0.001089] (-) JobUnselected: {'identifier': 'examples_rclpy_minimal_client'}
[0.001135] (-) JobUnselected: {'identifier': 'examples_rclpy_minimal_publisher'}
[0.001231] (-) JobUnselected: {'identifier': 'examples_rclpy_minimal_service'}
[0.001260] (-) JobUnselected: {'identifier': 'examples_rclpy_minimal_subscriber'}
[0.001336] (-) JobUnselected: {'identifier': 'first_package'}
[0.001373] (-) JobUnselected: {'identifier': 'py_srvcli'}
[0.001416] (-) JobUnselected: {'identifier': 'turtlesim'}
[0.001452] (tti) JobQueued: {'identifier': 'tti', 'dependencies': OrderedDict()}
[0.001490] (tti) JobStarted: {'identifier': 'tti'}
[0.015662] (tti) JobProgress: {'identifier': 'tti', 'progress': 'cmake'}
[0.016578] (tti) Command: {'cmd': ['/usr/bin/cmake', '/home/orhan/ros2_ws/src/tti', '-DCMAKE_INSTALL_PREFIX=/home/orhan/ros2_ws/install/tti'], 'cwd': '/home/orhan/ros2_ws/build/tti', 'env': OrderedDict([('GJS_DEBUG_TOPICS', 'JS ERROR;JS LOG'), ('LESSOPEN', '| /usr/bin/lesspipe %s'), ('LANGUAGE', 'tr:en'), ('USER', 'orhan'), ('LC_TIME', 'en_US.UTF-8'), ('SSH_AGENT_PID', '1726'), ('XDG_SESSION_TYPE', 'x11'), ('SHLVL', '1'), ('LD_LIBRARY_PATH', '/home/orhan/ros2_ws/install/turtlesim/lib:/home/orhan/ros2_ws/install/examples_rclcpp_minimal_composition/lib:/opt/ros/foxy/opt/yaml_cpp_vendor/lib:/opt/ros/foxy/opt/rviz_ogre_vendor/lib:/opt/ros/foxy/lib/x86_64-linux-gnu:/opt/ros/foxy/lib'), ('HOME', '/home/orhan'), ('DESKTOP_SESSION', 'ubuntu'), ('ROS_PYTHON_VERSION', '3'), ('GNOME_SHELL_SESSION_MODE', 'ubuntu'), ('GTK_MODULES', 'gail:atk-bridge'), ('LC_MONETARY', 'en_US.UTF-8'), ('MANAGERPID', '1617'), ('DBUS_SESSION_BUS_ADDRESS', 'unix:path=/run/user/1000/bus'), ('COLORTERM', 'truecolor'), ('_colcon_cd_root', '/opt/ros/foxy/'), ('IM_CONFIG_PHASE', '1'), ('COLCON_PREFIX_PATH', '/home/orhan/ros2_ws/install'), ('ROS_DISTRO', 'foxy'), ('LOGNAME', 'orhan'), ('JOURNAL_STREAM', '8:46738'), ('_', '/usr/bin/colcon'), ('ROS_VERSION', '2'), ('XDG_SESSION_CLASS', 'user'), ('USERNAME', 'orhan'), ('TERM', 'xterm-256color'), ('GNOME_DESKTOP_SESSION_ID', 'this-is-deprecated'), ('ROS_LOCALHOST_ONLY', '0'), ('WINDOWPATH', '2'), ('PATH', '/opt/ros/foxy/bin:/usr/local/sbin:/usr/local/bin:/usr/sbin:/usr/bin:/sbin:/bin:/usr/games:/usr/local/games:/snap/bin'), ('SESSION_MANAGER', 'local/orhan-Inspiron-5548:@/tmp/.ICE-unix/1766,unix/orhan-Inspiron-5548:/tmp/.ICE-unix/1766'), ('INVOCATION_ID', '51e3ca836c7f492da0212c064045424a'), ('PAPERSIZE', 'letter'), ('XDG_MENU_PREFIX', 'gnome-'), ('LC_ADDRESS', 'en_US.UTF-8'), ('GNOME_TERMINAL_SCREEN', '/org/gnome/Terminal/screen/124341cf_ecd3_4e2f_8a99_b3e9a2a772d4'), ('XDG_RUNTIME_DIR', '/run/user/1000'), ('DISPLAY', ':0'), ('LANG', 'tr_TR.UTF-8'), ('XDG_CURRENT_DESKTOP', 'ubuntu:GNOME'), ('LC_TELEPHONE', 'en_US.UTF-8'), ('XMODIFIERS', '@im=ibus'), ('XDG_SESSION_DESKTOP', 'ubuntu'), ('XAUTHORITY', '/run/user/1000/gdm/Xauthority'), ('LS_COLORS', 'rs=0:di=01;34:ln=01;36:mh=00:pi=40;33:so=01;35:do=01;35:bd=40;33;01:cd=40;33;01:or=40;31;01:mi=00:su=37;41:sg=30;43:ca=30;41:tw=30;42:ow=34;42:st=37;44:ex=01;32:*.tar=01;31:*.tgz=01;31:*.arc=01;31:*.arj=01;31:*.taz=01;31:*.lha=01;31:*.lz4=01;31:*.lzh=01;31:*.lzma=01;31:*.tlz=01;31:*.txz=01;31:*.tzo=01;31:*.t7z=01;31:*.zip=01;31:*.z=01;31:*.dz=01;31:*.gz=01;31:*.lrz=01;31:*.lz=01;31:*.lzo=01;31:*.xz=01;31:*.zst=01;31:*.tzst=01;31:*.bz2=01;31:*.bz=01;31:*.tbz=01;31:*.tbz2=01;31:*.tz=01;31:*.deb=01;31:*.rpm=01;31:*.jar=01;31:*.war=01;31:*.ear=01;31:*.sar=01;31:*.rar=01;31:*.alz=01;31:*.ace=01;31:*.zoo=01;31:*.cpio=01;31:*.7z=01;31:*.rz=01;31:*.cab=01;31:*.wim=01;31:*.swm=01;31:*.dwm=01;31:*.esd=01;31:*.jpg=01;35:*.jpeg=01;35:*.mjpg=01;35:*.mjpeg=01;35:*.gif=01;35:*.bmp=01;35:*.pbm=01;35:*.pgm=01;35:*.ppm=01;35:*.tga=01;35:*.xbm=01;35:*.xpm=01;35:*.tif=01;35:*.tiff=01;35:*.png=01;35:*.svg=01;35:*.svgz=01;35:*.mng=01;35:*.pcx=01;35:*.mov=01;35:*.mpg=01;35:*.mpeg=01;35:*.m2v=01;35:*.mkv=01;35:*.webm=01;35:*.ogm=01;35:*.mp4=01;35:*.m4v=01;35:*.mp4v=01;35:*.vob=01;35:*.qt=01;35:*.nuv=01;35:*.wmv=01;35:*.asf=01;35:*.rm=01;35:*.rmvb=01;35:*.flc=01;35:*.avi=01;35:*.fli=01;35:*.flv=01;35:*.gl=01;35:*.dl=01;35:*.xcf=01;35:*.xwd=01;35:*.yuv=01;35:*.cgm=01;35:*.emf=01;35:*.ogv=01;35:*.ogx=01;35:*.aac=00;36:*.au=00;36:*.flac=00;36:*.m4a=00;36:*.mid=00;36:*.midi=00;36:*.mka=00;36:*.mp3=00;36:*.mpc=00;36:*.ogg=00;36:*.ra=00;36:*.wav=00;36:*.oga=00;36:*.opus=00;36:*.spx=00;36:*.xspf=00;36:'), ('GNOME_TERMINAL_SERVICE', ':1.95'), ('SSH_AUTH_SOCK', '/run/user/1000/keyring/ssh'), ('AMENT_PREFIX_PATH', '/home/orhan/ros2_ws/install/turtlesim:/home/orhan/ros2_ws/install/py_srvcli:/home/orhan/ros2_ws/install/iki:/home/orhan/ros2_ws/install/first_package:/home/orhan/ros2_ws/install/examples_rclpy_minimal_subscriber:/home/orhan/ros2_ws/install/examples_rclpy_minimal_service:/home/orhan/ros2_ws/install/examples_rclpy_minimal_publisher:/home/orhan/ros2_ws/install/examples_rclpy_minimal_client:/home/orhan/ros2_ws/install/examples_rclpy_minimal_action_server:/home/orhan/ros2_ws/install/examples_rclpy_minimal_action_client:/home/orhan/ros2_ws/install/examples_rclpy_executors:/home/orhan/ros2_ws/install/examples_rclcpp_multithreaded_executor:/home/orhan/ros2_ws/install/examples_rclcpp_minimal_timer:/home/orhan/ros2_ws/install/examples_rclcpp_minimal_subscriber:/home/orhan/ros2_ws/install/examples_rclcpp_minimal_service:/home/orhan/ros2_ws/install/examples_rclcpp_minimal_publisher:/home/orhan/ros2_ws/install/examples_rclcpp_minimal_composition:/home/orhan/ros2_ws/install/examples_rclcpp_minimal_client:/home/orhan/ros2_ws/install/examples_rclcpp_minimal_action_server:/home/orhan/ros2_ws/install/examples_rclcpp_minimal_action_client:/home/orhan/ros2_ws/install/cift_sayi:/opt/ros/foxy'), ('SHELL', '/bin/bash'), ('LC_NAME', 'en_US.UTF-8'), ('QT_ACCESSIBILITY', '1'), ('GDMSESSION', 'ubuntu'), ('LESSCLOSE', '/usr/bin/lesspipe %s %s'), ('LC_MEASUREMENT', 'en_US.UTF-8'), ('GPG_AGENT_INFO', '/run/user/1000/gnupg/S.gpg-agent:0:1'), ('GJS_DEBUG_OUTPUT', 'stderr'), ('LC_IDENTIFICATION', 'en_US.UTF-8'), ('QT_IM_MODULE', 'ibus'), ('PWD', '/home/orhan/ros2_ws/build/tti'), ('LC_ALL', 'en_US.UTF-8'), ('XDG_CONFIG_DIRS', '/etc/xdg/xdg-ubuntu:/etc/xdg'), ('XDG_DATA_DIRS', '/usr/share/ubuntu:/usr/local/share/:/usr/share/:/var/lib/snapd/desktop'), ('PYTHONPATH', '/home/orhan/ros2_ws/install/turtlesim/lib/python3.8/site-packages:/home/orhan/ros2_ws/install/py_srvcli/lib/python3.8/site-packages:/home/orhan/ros2_ws/install/iki/lib/python3.8/site-packages:/home/orhan/ros2_ws/install/first_package/lib/python3.8/site-packages:/home/orhan/ros2_ws/install/examples_rclpy_minimal_subscriber/lib/python3.8/site-packages:/home/orhan/ros2_ws/install/examples_rclpy_minimal_service/lib/python3.8/site-packages:/home/orhan/ros2_ws/install/examples_rclpy_minimal_publisher/lib/python3.8/site-packages:/home/orhan/ros2_ws/install/examples_rclpy_minimal_client/lib/python3.8/site-packages:/home/orhan/ros2_ws/install/examples_rclpy_minimal_action_server/lib/python3.8/site-packages:/home/orhan/ros2_ws/install/examples_rclpy_minimal_action_client/lib/python3.8/site-packages:/home/orhan/ros2_ws/install/examples_rclpy_executors/lib/python3.8/site-packages:/home/orhan/ros2_ws/install/cift_sayi/lib/python3.8/site-packages:/opt/ros/foxy/lib/python3.8/site-packages'), ('LC_NUMERIC', 'en_US.UTF-8'), ('LC_PAPER', 'en_US.UTF-8'), ('COLCON', '1'), ('VTE_VERSION', '6003'), ('CMAKE_PREFIX_PATH', '/home/orhan/ros2_ws/install/turtlesim:/home/orhan/ros2_ws/install/examples_rclcpp_multithreaded_executor:/home/orhan/ros2_ws/install/examples_rclcpp_minimal_timer:/home/orhan/ros2_ws/install/examples_rclcpp_minimal_subscriber:/home/orhan/ros2_ws/install/examples_rclcpp_minimal_service:/home/orhan/ros2_ws/install/examples_rclcpp_minimal_publisher:/home/orhan/ros2_ws/install/examples_rclcpp_minimal_composition:/home/orhan/ros2_ws/install/examples_rclcpp_minimal_client:/home/orhan/ros2_ws/install/examples_rclcpp_minimal_action_server:/home/orhan/ros2_ws/install/examples_rclcpp_minimal_action_client')]), 'shell': False}
[0.041573] (tti) StdoutLine: {'line': b'-- Found ament_cmake: 0.9.12 (/opt/ros/foxy/share/ament_cmake/cmake)\n'}
[0.086704] (tti) StdoutLine: {'line': b'-- Using PYTHON_EXECUTABLE: /usr/bin/python3\n'}
[0.098851] (-) TimerEvent: {}
[0.199244] (-) TimerEvent: {}
[0.299565] (-) TimerEvent: {}
[0.373909] (tti) StdoutLine: {'line': b'-- Found ament_lint_auto: 0.9.8 (/opt/ros/foxy/share/ament_lint_auto/cmake)\n'}
[0.399703] (-) TimerEvent: {}
[0.454882] (tti) StderrLine: {'line': b"Error parsing '/home/orhan/ros2_ws/src/tti/package.xml':\n"}
[0.499835] (-) TimerEvent: {}
[0.600238] (-) TimerEvent: {}
[0.619985] (tti) StderrLine: {'line': b'Traceback (most recent call last):\n'}
[0.620344] (tti) StderrLine: {'line': b'  File "/usr/lib/python3/dist-packages/catkin_pkg/package.py", line 610, in parse_package_string\n'}
[0.620499] (tti) StderrLine: {'line': b'    root = dom.parseString(data)\n'}
[0.620630] (tti) StderrLine: {'line': b'  File "/usr/lib/python3.8/xml/dom/minidom.py", line 1969, in parseString\n'}
[0.620749] (tti) StderrLine: {'line': b'    return expatbuilder.parseString(string)\n'}
[0.620864] (tti) StderrLine: {'line': b'  File "/usr/lib/python3.8/xml/dom/expatbuilder.py", line 925, in parseString\n'}
[0.620973] (tti) StderrLine: {'line': b'    return builder.parseString(string)\n'}
[0.621077] (tti) StderrLine: {'line': b'  File "/usr/lib/python3.8/xml/dom/expatbuilder.py", line 223, in parseString\n'}
[0.621181] (tti) StderrLine: {'line': b'    parser.Parse(string, True)\n'}
[0.621281] (tti) StderrLine: {'line': b'xml.parsers.expat.ExpatError: junk after document element: line 19, column 0\n'}
[0.621381] (tti) StderrLine: {'line': b'\n'}
[0.621481] (tti) StderrLine: {'line': b'During handling of the above exception, another exception occurred:\n'}
[0.621578] (tti) StderrLine: {'line': b'\n'}
[0.621676] (tti) StderrLine: {'line': b'Traceback (most recent call last):\n'}
[0.621771] (tti) StderrLine: {'line': b'  File "/opt/ros/foxy/share/ament_cmake_core/cmake/core/package_xml_2_cmake.py", line 143, in <module>\n'}
[0.621877] (tti) StderrLine: {'line': b'    main()\n'}
[0.621972] (tti) StderrLine: {'line': b'  File "/opt/ros/foxy/share/ament_cmake_core/cmake/core/package_xml_2_cmake.py", line 52, in main\n'}
[0.622066] (tti) StderrLine: {'line': b'    raise e\n'}
[0.622160] (tti) StderrLine: {'line': b'  File "/opt/ros/foxy/share/ament_cmake_core/cmake/core/package_xml_2_cmake.py", line 48, in main\n'}
[0.622251] (tti) StderrLine: {'line': b'    package = parse_package_string(\n'}
[0.622341] (tti) StderrLine: {'line': b'  File "/usr/lib/python3/dist-packages/catkin_pkg/package.py", line 612, in parse_package_string\n'}
[0.622433] (tti) StderrLine: {'line': b"    raise InvalidPackage('The manifest contains invalid XML:\\n%s' % ex, filename)\n"}
[0.622526] (tti) StderrLine: {'line': b"catkin_pkg.package.InvalidPackage: Error(s) in package '/home/orhan/ros2_ws/src/tti/package.xml':\n"}
[0.622618] (tti) StderrLine: {'line': b'The manifest contains invalid XML:\n'}
[0.622708] (tti) StderrLine: {'line': b'junk after document element: line 19, column 0\n'}
[0.652747] (tti) StderrLine: {'line': b'CMake Error at /opt/ros/foxy/share/ament_cmake_core/cmake/core/ament_package_xml.cmake:94 (message):\n'}
[0.653019] (tti) StderrLine: {'line': b'  execute_process(/usr/bin/python3\n'}
[0.653159] (tti) StderrLine: {'line': b'  /opt/ros/foxy/share/ament_cmake_core/cmake/core/package_xml_2_cmake.py\n'}
[0.653278] (tti) StderrLine: {'line': b'  /home/orhan/ros2_ws/src/tti/package.xml\n'}
[0.653407] (tti) StderrLine: {'line': b'  /home/orhan/ros2_ws/build/tti/ament_cmake_core/package.cmake) returned\n'}
[0.653571] (tti) StderrLine: {'line': b'  error code 1\n'}
[0.653778] (tti) StderrLine: {'line': b'Call Stack (most recent call first):\n'}
[0.653902] (tti) StderrLine: {'line': b'  /opt/ros/foxy/share/ament_cmake_core/cmake/core/ament_package_xml.cmake:49 (_ament_package_xml)\n'}
[0.654001] (tti) StderrLine: {'line': b'  /opt/ros/foxy/share/ament_lint_auto/cmake/ament_lint_auto_find_test_dependencies.cmake:31 (ament_package_xml)\n'}
[0.654096] (tti) StderrLine: {'line': b'  CMakeLists.txt:32 (ament_lint_auto_find_test_dependencies)\n'}
[0.654191] (tti) StderrLine: {'line': b'\n'}
[0.654284] (tti) StderrLine: {'line': b'\n'}
[0.654376] (tti) StdoutLine: {'line': b'-- Configuring incomplete, errors occurred!\n'}
[0.654477] (tti) StdoutLine: {'line': b'See also "/home/orhan/ros2_ws/build/tti/CMakeFiles/CMakeOutput.log".\n'}
[0.656900] (tti) CommandEnded: {'returncode': 1}
[0.657986] (tti) JobEnded: {'identifier': 'tti', 'rc': 1}
[0.669015] (-) EventReactorShutdown: {}
